// Jest Snapshot v1, https://goo.gl/fbAQLP

exports[`renders correctly 1`] = `
<div>
  <h1>
    Oops!
  </h1>
  <p>
    Looks like something went wrong. Check the URL and try again!
  </p>
</div>
`;
