// Jest Snapshot v1, https://goo.gl/fbAQLP

exports[`renders correctly 1`] = `
<a
  className="Test__link"
  href="http://example.com/"
  rel="noopener noreferrer"
  target="_blank"
>
  Example
</a>
`;
