// Jest Snapshot v1, https://goo.gl/fbAQLP

exports[`renders correctly 1`] = `
<div
  className="IndexPage"
>
  <div
    className="IndexPage__content"
  />
</div>
`;
