// Jest Snapshot v1, https://goo.gl/fbAQLP

exports[`renders correctly 1`] = `
<div
  className="LoadingPage"
>
  <Logo
    className="LoadingPage__logo"
    focused={true}
  />
</div>
`;
