// Jest Snapshot v1, https://goo.gl/fbAQLP

exports[`renders correctly 1`] = `
<div
  className="MarkdownPage"
>
  <p
    key="0"
  >
    Some HTML
  </p>
</div>
`;
