// Jest Snapshot v1, https://goo.gl/fbAQLP

exports[`renders correctly 1`] = `
<p
  className="MarkdownYouTube"
>
  <iframe
    className="MarkdownYouTube__content"
    frameBorder="0"
    src="https://www.youtube.com/embed/test-id"
    title="Example"
  />
</p>
`;
