// Jest Snapshot v1, https://goo.gl/fbAQLP

exports[`renders correctly 1`] = `
<div
  style={
    Object {
      "height": "100%",
      "overflow": "hidden",
      "position": "relative",
      "width": "100%",
    }
  }
>
  <div
    key="view"
    style={
      Object {
        "WebkitOverflowScrolling": "touch",
        "bottom": 0,
        "left": 0,
        "marginBottom": 0,
        "marginRight": 0,
        "overflow": "scroll",
        "position": "absolute",
        "right": 0,
        "top": 0,
      }
    }
  />
  <div
    key="trackHorizontal"
    style={
      Object {
        "borderRadius": 3,
        "bottom": 2,
        "display": "none",
        "height": 6,
        "left": 2,
        "position": "absolute",
        "right": 2,
      }
    }
  >
    <div
      style={
        Object {
          "backgroundColor": "rgba(0,0,0,.2)",
          "borderRadius": "inherit",
          "cursor": "pointer",
          "display": "block",
          "height": "100%",
          "position": "relative",
        }
      }
    />
  </div>
  <div
    key="trackVertical"
    style={
      Object {
        "borderRadius": 3,
        "bottom": 2,
        "display": "none",
        "position": "absolute",
        "right": 2,
        "top": 2,
        "width": 6,
      }
    }
  >
    <div
      style={
        Object {
          "backgroundColor": "rgba(0,0,0,.2)",
          "borderRadius": "inherit",
          "cursor": "pointer",
          "display": "block",
          "position": "relative",
          "width": "100%",
        }
      }
    />
  </div>
</div>
`;
